ETH 归档节点-2： 部署 ETH RPC -如何将 AWS 数据下载到本地


三、将数据下载到本地

s3pcp --requester-pays s3://public-blockchain-snapshots/eth/erigon-16k-db-latest.mdbx.zstd \
    | pv \
    | pzstd -p $(nproc) -q -d -f -o /erigon/data/eth/chaindata/mdbx.dat


pzstd: -: Failed to open output file.
0.00 B 0:00:25 [0.00 B/s] [<=>                                                                                                            ]
thread 'main' panicked at 'EPIPE: Broken pipe', src/main.rs:140:31

note: run with `RUST_BACKTRACE=1` environment variable to display a backtrace

xargs: printf: terminated by signal 13

/usr/bin/s3pcp: line 191: 23240 Done                    seq 1 $parts_count
     23241 Exit 125                | xargs printf "$shell_command\n"

     23242 Aborted                 (core dumped) | pjoin -b "$per_job_buffer" "$maybe_parallel_count"


第一个问题：pzstd: -: Failed to open output file.


whoami

sudo chown -R "$USER:"/erigon/data/eth/chaindata

第二个问题：thread 'main' panicked at 'EPIPE: Broken pipe', src/main.rs:140:31

Broken pipe 

二、改写代码

$ ls /home/eth_bak/eth/
beacon                          
erigon-16k-db-latest.mdbx.zstd.fc200a42  
erigon-full-node-chaindata.zstd.zstd.41D3fEf3  
erigon-snapshots-folder-latest  lost+found
erigon-16k-db-latest.mdbx.zstd  erigon-full-node-chaindata.zstd.zstd     erigon-nodes-folder-latest                     eth-archive-snapshot            my.log

$ sudo bash ./build_archive_node.sh




2.1 将需要 aws 下载的全部变成 cp


 = note: /usr/bin/ld: cannot find Scrt1.o: No such file or directory
          /usr/bin/ld: cannot find crti.o: No such file or directory
          collect2: error: ld returned 1 exit status


sudo apt install 

sudo apt-get install Scrt1
sudo apt-get install crti

$  sudo apt-get install libc6-dev
$ sudo apt-get install libc6=2.23-0ubuntu11.3


在执行sudo apt-get install libc6=2.23-0ubuntu11.3时候，页面提示会删除一些相应依赖的包，我点了确认，最终导致。

开机会进入 GNU GRUB 页面并且看不到 ubuntu 系统
Ubuntu bootloader turned into Debian

三、将 EXT4 中的数据移动到 zfs上

$ sudo mount /dev/nvme1n1 /home/eth
$ sudo fdisk -l
$ blkid
$ sudo mount -t ext4 /dev/nvme1n1p2 /home/eth

mount: /home/eth: wrong fs type, bad option, bad superblock on /dev/nvme1n1p2, missing codepage or helper program, or other error.


mount: /home/eth: wrong fs type, bad option, bad superblock on /dev/nvme1n1, missing codepage or helper program, or other error.

[10397.489887] EXT4-fs (nvme1n1p2): Unrecognized mount option "nouuid" or missing value
[11217.696553] EXT4-fs (nvme1n1p2): Unrecognized mount option "nouuid" or missing value

$ tail /var/log/syslog

$ blkid
/dev/nvme0n1p3: LABEL="bpool" UUID="15400053703084002440" UUID_SUB="17969276116506075598" BLOCK_SIZE="4096" TYPE="zfs_member" PARTUUID="30fa9b11-5eb2-c540-a349-eec7b9e1d343"
/dev/nvme0n1p1: UUID="6840-33FE" BLOCK_SIZE="512" TYPE="vfat" PARTLABEL="EFI System Partition" PARTUUID="04604269-f840-4a12-8d89-1b4fd9f7f016"
/dev/nvme0n1p4: LABEL="rpool" UUID="958117756132773064" UUID_SUB="7633760473405367670" BLOCK_SIZE="4096" TYPE="zfs_member" PARTUUID="0877044c-43af-e441-a9ce-21f057f1f6bc"
/dev/nvme0n1p2: UUID="8895c62a-9389-4833-afb4-2c73db34406a" TYPE="swap" PARTUUID="2ad1f604-cbd0-9b4e-ad7a-671224b57f03"
/dev/nvme1n1p2: UUID="fdbe5416-dd29-480e-b1a1-054b20221090" BLOCK_SIZE="4096" TYPE="ext4" PARTUUID="d9fd32d7-6c90-47e8-89a5-edb0f9253a8d"
/dev/nvme1n1p1: UUID="23BD-0B08" BLOCK_SIZE="512" TYPE="vfat" PARTLABEL="EFI System Partition" PARTUUID="880ebd93-5558-43ed-b2af-f8e4d66be837"

排查问题的原因$ sudo fdisk -l

Disk /dev/loop0: 4 KiB, 4096 bytes, 8 sectors
Units: sectors of 1 * 512 = 512 bytes
Sector size (logical/physical): 512 bytes / 512 bytes
I/O size (minimum/optimal): 512 bytes / 512 bytes

Disk /dev/loop1: 61.89 MiB, 64901120 bytes, 126760 sectors
Units: sectors of 1 * 512 = 512 bytes
Sector size (logical/physical): 512 bytes / 512 bytes
I/O size (minimum/optimal): 512 bytes / 512 bytes

Disk /dev/loop2: 155.63 MiB, 163188736 bytes, 318728 sectors
Units: sectors of 1 * 512 = 512 bytes
Sector size (logical/physical): 512 bytes / 512 bytes
I/O size (minimum/optimal): 512 bytes / 512 bytes

Disk /dev/loop3: 248.76 MiB, 260841472 bytes, 509456 sectors
Units: sectors of 1 * 512 = 512 bytes
Sector size (logical/physical): 512 bytes / 512 bytes
I/O size (minimum/optimal): 512 bytes / 512 bytes

Disk /dev/loop4: 81.26 MiB, 85209088 bytes, 166424 sectors
Units: sectors of 1 * 512 = 512 bytes
Sector size (logical/physical): 512 bytes / 512 bytes
I/O size (minimum/optimal): 512 bytes / 512 bytes

Disk /dev/loop5: 45.86 MiB, 48087040 bytes, 93920 sectors
Units: sectors of 1 * 512 = 512 bytes
Sector size (logical/physical): 512 bytes / 512 bytes
I/O size (minimum/optimal): 512 bytes / 512 bytes

Disk /dev/loop6: 43.63 MiB, 45748224 bytes, 89352 sectors
Units: sectors of 1 * 512 = 512 bytes
Sector size (logical/physical): 512 bytes / 512 bytes
I/O size (minimum/optimal): 512 bytes / 512 bytes

Disk /dev/loop7: 284 KiB, 290816 bytes, 568 sectors
Units: sectors of 1 * 512 = 512 bytes
Sector size (logical/physical): 512 bytes / 512 bytes
I/O size (minimum/optimal): 512 bytes / 512 bytes

Disk /dev/nvme0n1: 1.82 TiB, 2000398934016 bytes, 3907029168 sectors
Disk model: WD Green SN350 2TB
Units: sectors of 1 * 512 = 512 bytes
Sector size (logical/physical): 512 bytes / 512 bytes
I/O size (minimum/optimal): 512 bytes / 512 bytes
Disklabel type: gpt
Disk identifier: 56965481-60E8-4DE2-9901-24966D93B67E
Device           Start        End    Sectors  Size Type
/dev/nvme0n1p1    2048    1050623    1048576  512M EFI System
/dev/nvme0n1p2 1050624    5244927    4194304    2G Linux swap
/dev/nvme0n1p3 5244928    9439231    4194304    2G Solaris boot
/dev/nvme0n1p4 9439232 3907029134 3897589903  1.8T Solaris root

Disk /dev/nvme1n1: 1.82 TiB, 2000398934016 bytes, 3907029168 sectors
Disk model: WD Green SN350 2TB
Units: sectors of 1 * 512 = 512 bytes
Sector size (logical/physical): 512 bytes / 512 bytes
I/O size (minimum/optimal): 512 bytes / 512 bytes
Disklabel type: gpt
Disk identifier: 0BD9CDC4-4C54-4BCC-9BA8-34BB3C65B762
Device           Start        End    Sectors  Size Type
/dev/nvme1n1p1    2048    1050623    1048576  512M EFI System
/dev/nvme1n1p2 1050624 3907028991 3905978368  1.8T Linux filesystem

Disk /dev/loop8: 47.99 MiB, 50319360 bytes, 98280 sectors
Units: sectors of 1 * 512 = 512 bytes
Sector size (logical/physical): 512 bytes / 512 bytes
I/O size (minimum/optimal): 512 bytes / 512 bytes

Disk /dev/loop9: 63.2 MiB, 66265088 bytes, 129424 sectors
Units: sectors of 1 * 512 = 512 bytes
Sector size (logical/physical): 512 bytes / 512 bytes
I/O size (minimum/optimal): 512 bytes / 512 bytes

Disk /dev/loop10: 284 KiB, 290816 bytes, 568 sectors
Units: sectors of 1 * 512 = 512 bytes
Sector size (logical/physical): 512 bytes / 512 bytes
I/O size (minimum/optimal): 512 bytes / 512 bytes

Disk /dev/loop11: 91.69 MiB, 96141312 bytes, 187776 sectors
Units: sectors of 1 * 512 = 512 bytes
Sector size (logical/physical): 512 bytes / 512 bytes
I/O size (minimum/optimal): 512 bytes / 512 bytes

Disk /dev/loop12: 238.44 MiB, 250023936 bytes, 488328 sectors
Units: sectors of 1 * 512 = 512 bytes
Sector size (logical/physical): 512 bytes / 512 bytes
I/O size (minimum/optimal): 512 bytes / 512 bytes

Disk /dev/loop13: 346.33 MiB, 363151360 bytes, 709280 sectors
Units: sectors of 1 * 512 = 512 bytes
Sector size (logical/physical): 512 bytes / 512 bytes
I/O size (minimum/optimal): 512 bytes / 512 bytes



一、擦除文件系统


$ sudo parted -ls
$ sudo umount /home/eth
$ lsblk --fs --json
$ fdisk /dev/nvme1n1


1.2 擦除已经有的文件系统

第一步：卸载磁盘
$ sudo umount /home/eth

第二步：删除文件系统
$ sudo fdisk /dev/nvme1n1
$ d
$ wq


￼


第三步：确定是否执行成功

1. 使用lsblk --fs --json，nvme1n1 的 fstyep 变成的 null
2. 使用sudo parted -ls，File system没有数据

$ lsblk --fs --json
…..
 {"name":"nvme1n1", "fstype":null, "label":null, "uuid":null, "fsavail":null, "fsuse%":null, "mountpoint":null}
….
$ sudo parted -ls
Model: WD Green SN350 2TB (nvme)
Disk /dev/nvme0n1: 2000GB
Sector size (logical/physical): 512B/512B
Partition Table: gpt
Disk Flags:

Number  Start   End     Size    File system  Name                  Flags
 1      1049kB  538MB   537MB   fat32        EFI System Partition  boot, esp
 2      538MB   2000GB  2000GB  ext4


Model: WD Green SN350 2TB (nvme)
Disk /dev/nvme1n1: 2000GB
Sector size (logical/physical): 512B/512B
Partition Table: msdos
Disk Flags:

Number  Start  End  Size  Type  File system  Flags


$ sudo parted -ls
[sudo] password for huffman:
Model: WD Green SN350 2TB (nvme)
Disk /dev/nvme0n1: 2000GB
Sector size (logical/physical): 512B/512B
Partition Table: gpt
Disk Flags:

Number  Start   End     Size    File system  Name                  Flags
 1      1049kB  538MB   537MB   fat32        EFI System Partition  boot, esp
 2      538MB   2000GB  2000GB  ext4


Model: WD Green SN350 2TB (nvme)
Disk /dev/nvme1n1: 2000GB
Sector size (logical/physical): 512B/512B
Partition Table: loop
Disk Flags:

Number  Start  End     Size    File system  Flags
 1      0.00B  2000GB  2000GB  ext4


查看文件系统的结构
huffman@huffman-pro:/home/eth$ lsblk --fs --json
{
   "blockdevices": [
      {"name":"loop0", "fstype":"squashfs", "label":null, "uuid":null, "fsavail":"0", "fsuse%":"100%", "mountpoint":"/snap/bare/5"},
      {"name":"loop1", "fstype":"squashfs", "label":null, "uuid":null, "fsavail":"0", "fsuse%":"100%", "mountpoint":"/snap/1password/123"},
      {"name":"loop2", "fstype":"squashfs", "label":null, "uuid":null, "fsavail":"0", "fsuse%":"100%", "mountpoint":"/snap/snap-store/599"},
      {"name":"loop3", "fstype":"squashfs", "label":null, "uuid":null, "fsavail":"0", "fsuse%":"100%", "mountpoint":"/snap/sublime-text/112"},
      {"name":"loop4", "fstype":"squashfs", "label":null, "uuid":null, "fsavail":"0", "fsuse%":"100%", "mountpoint":"/snap/snapd/17336"},
      {"name":"loop5", "fstype":"squashfs", "label":null, "uuid":null, "fsavail":"0", "fsuse%":"100%", "mountpoint":"/snap/1password/116"},
      {"name":"loop6", "fstype":"squashfs", "label":null, "uuid":null, "fsavail":"0", "fsuse%":"100%", "mountpoint":"/snap/snap-store/558"},
      {"name":"loop7", "fstype":"squashfs", "label":null, "uuid":null, "fsavail":"0", "fsuse%":"100%", "mountpoint":"/snap/gnome-3-38-2004/119"},
      {"name":"loop8", "fstype":"squashfs", "label":null, "uuid":null, "fsavail":"0", "fsuse%":"100%", "mountpoint":"/snap/snapd/17029"},
      {"name":"loop9", "fstype":"squashfs", "label":null, "uuid":null, "fsavail":"0", "fsuse%":"100%", "mountpoint":"/snap/core20/1623"},
      {"name":"loop10", "fstype":"squashfs", "label":null, "uuid":null, "fsavail":"0", "fsuse%":"100%", "mountpoint":"/snap/gnome-3-28-1804/161"},
      {"name":"loop11", "fstype":"squashfs", "label":null, "uuid":null, "fsavail":"0", "fsuse%":"100%", "mountpoint":"/snap/gtk-common-themes/1535"},
      {"name":"loop12", "fstype":"squashfs", "label":null, "uuid":null, "fsavail":"0", "fsuse%":"100%", "mountpoint":"/snap/gnome-3-38-2004/115"},
      {"name":"loop13", "fstype":"squashfs", "label":null, "uuid":null, "fsavail":"0", "fsuse%":"100%", "mountpoint":"/snap/core18/2566"},
      {"name":"loop14", "fstype":"squashfs", "label":null, "uuid":null, "fsavail":"0", "fsuse%":"100%", "mountpoint":"/snap/go/9981"},
      {"name":"loop15", "fstype":"squashfs", "label":null, "uuid":null, "fsavail":"0", "fsuse%":"100%", "mountpoint":"/snap/core20/1634"},
      {"name":"nvme0n1", "fstype":null, "label":null, "uuid":null, "fsavail":null, "fsuse%":null, "mountpoint":null,
         "children": [
            {"name":"nvme0n1p1", "fstype":"vfat", "label":null, "uuid":"23BD-0B08", "fsavail":"505.8M", "fsuse%":"1%", "mountpoint":"/boot/efi"},
            {"name":"nvme0n1p2", "fstype":"ext4", "label":null, "uuid":"fdbe5416-dd29-480e-b1a1-054b20221090", "fsavail":"756.5G", "fsuse%":"54%", "mountpoint":"/"}
         ]
      },
      {"name":"nvme1n1", "fstype":"ext4", "label":null, "uuid":"b8ea1c9a-b822-422a-a7ee-41602403ba9f", "fsavail":null, "fsuse%":null, "mountpoint":null}
   ]
}

wipefs

https://superuser.com/questions/1281355/how-to-delete-the-partition-after-mkfs

卸载磁盘
https://askubuntu.com/questions/859787/how-to-unmount-and-mount-pen-drive-in-ubuntu-via-command-line
删除分区
https://www.cnblogs.com/0x4D75/p/8961150.html


1.1 现有的文件系统

huffman@huffman-pro:~$ sudo fdisk -lu
[sudo] password for huffman:
Disk /dev/loop0: 4 KiB, 4096 bytes, 8 sectors
Units: sectors of 1 * 512 = 512 bytes
Sector size (logical/physical): 512 bytes / 512 bytes
I/O size (minimum/optimal): 512 bytes / 512 bytes


Disk /dev/loop1: 144.18 MiB, 151175168 bytes, 295264 sectors
Units: sectors of 1 * 512 = 512 bytes
Sector size (logical/physical): 512 bytes / 512 bytes
I/O size (minimum/optimal): 512 bytes / 512 bytes


Disk /dev/loop2: 45.95 MiB, 48156672 bytes, 94056 sectors
Units: sectors of 1 * 512 = 512 bytes
Sector size (logical/physical): 512 bytes / 512 bytes
I/O size (minimum/optimal): 512 bytes / 512 bytes


Disk /dev/loop3: 64.87 MiB, 68001792 bytes, 132816 sectors
Units: sectors of 1 * 512 = 512 bytes
Sector size (logical/physical): 512 bytes / 512 bytes
I/O size (minimum/optimal): 512 bytes / 512 bytes


Disk /dev/loop4: 47.101 MiB, 50319360 bytes, 98280 sectors
Units: sectors of 1 * 512 = 512 bytes
Sector size (logical/physical): 512 bytes / 512 bytes
I/O size (minimum/optimal): 512 bytes / 512 bytes


Disk /dev/loop5: 138.99 MiB, 145719296 bytes, 284608 sectors
Units: sectors of 1 * 512 = 512 bytes
Sector size (logical/physical): 512 bytes / 512 bytes
I/O size (minimum/optimal): 512 bytes / 512 bytes


Disk /dev/loop6: 54.24 MiB, 56872960 bytes, 111080 sectors
Units: sectors of 1 * 512 = 512 bytes
Sector size (logical/physical): 512 bytes / 512 bytes
I/O size (minimum/optimal): 512 bytes / 512 bytes


Disk /dev/loop7: 346.34 MiB, 363151360 bytes, 709280 sectors
Units: sectors of 1 * 512 = 512 bytes
Sector size (logical/physical): 512 bytes / 512 bytes
I/O size (minimum/optimal): 512 bytes / 512 bytes


Disk /dev/nvme0n1: 1.84 TiB, 2000398934016 bytes, 3907029168 sectors
Disk model: WD Green SN350 2TB
Units: sectors of 1 * 512 = 512 bytes
Sector size (logical/physical): 512 bytes / 512 bytes
I/O size (minimum/optimal): 512 bytes / 512 bytes
Disklabel type: gpt
Disk identifier: 0BD9CDC4-4C54-4BCC-9BA8-34BB3C65B762

Device           Start        End    Sectors  Size Type
/dev/nvme0n1p1    2048    1050623    1048576  512M EFI System
/dev/nvme0n1p2 1050624 3907028991 3905978368  1.8T Linux filesystem


Disk /dev/nvme1n1: 1.84 TiB, 2000398934016 bytes, 3907029168 sectors
Disk model: WD Green SN350 2TB
Units: sectors of 1 * 512 = 512 bytes
Sector size (logical/physical): 512 bytes / 512 bytes
I/O size (minimum/optimal): 512 bytes / 512 bytes


Disk /dev/loop8: 47.101 MiB, 50315264 bytes, 98272 sectors
Units: sectors of 1 * 512 = 512 bytes
Sector size (logical/physical): 512 bytes / 512 bytes
I/O size (minimum/optimal): 512 bytes / 512 bytes


Disk /dev/loop10: 164.78 MiB, 172761088 bytes, 337424 sectors
Units: sectors of 1 * 512 = 512 bytes
Sector size (logical/physical): 512 bytes / 512 bytes
I/O size (minimum/optimal): 512 bytes / 512 bytes


Disk /dev/loop9: 63.23 MiB, 66293760 bytes, 129480 sectors
Units: sectors of 1 * 512 = 512 bytes
Sector size (logical/physical): 512 bytes / 512 bytes
I/O size (minimum/optimal): 512 bytes / 512 bytes


Disk /dev/loop13: 55.58 MiB, 58261504 bytes, 113792 sectors
Units: sectors of 1 * 512 = 512 bytes
Sector size (logical/physical): 512 bytes / 512 bytes
I/O size (minimum/optimal): 512 bytes / 512 bytes


Disk /dev/loop11: 91.7 MiB, 96141312 bytes, 187776 sectors
Units: sectors of 1 * 512 = 512 bytes
Sector size (logical/physical): 512 bytes / 512 bytes
I/O size (minimum/optimal): 512 bytes / 512 bytes


Disk /dev/loop12: 346.3 MiB, 363118592 bytes, 709216 sectors
Units: sectors of 1 * 512 = 512 bytes
Sector size (logical/physical): 512 bytes / 512 bytes
I/O size (minimum/optimal): 512 bytes / 512 bytes


Disk /dev/loop14: 99.59 MiB, 104415232 bytes, 203936 sectors
Units: sectors of 1 * 512 = 512 bytes
Sector size (logical/physical): 512 bytes / 512 bytes
I/O size (minimum/optimal): 512 bytes / 512 bytes


Disk /dev/loop15: 63.2 MiB, 66265088 bytes, 129424 sectors
Units: sectors of 1 * 512 = 512 bytes
Sector size (logical/physical): 512 bytes / 512 bytes
I/O size (minimum/optimal): 512 bytes / 512 bytes
